2026-09-30 00:01:12 INFO  app=web-api host=app01 pid=1842 event=STARTUP version=2.8.4 env=production
2026-09-30 00:01:13 INFO  app=web-api host=app01 pid=1842 event=CONFIG_LOADED config=/etc/web-api/config.yml
2026-09-30 00:01:14 INFO  app=web-api host=app01 pid=1842 event=DB_CONNECT database=orders_db host=db01 port=5432 status=connected
2026-09-30 00:01:15 INFO  app=web-api host=app01 pid=1842 event=CACHE_CONNECT service=redis01 port=6379 status=connected
2026-09-30 00:02:03 INFO  app=web-api host=app01 request_id=7f31a2 method=GET path=/api/health status=200 duration_ms=4
2026-09-30 00:02:08 INFO  app=web-api host=app01 request_id=7f31a3 method=POST path=/api/login status=200 duration_ms=86 user=alice
2026-09-30 00:02:11 WARN  app=web-api host=app01 request_id=7f31a4 event=AUTH_FAILURE user=bob reason=invalid_password
2026-09-30 00:02:18 INFO  app=web-api host=app01 request_id=7f31a5 method=GET path=/api/orders status=200 duration_ms=42 user=alice
2026-09-30 00:03:07 INFO  app=web-api host=app01 request_id=7f31a6 method=POST path=/api/orders status=201 duration_ms=128 user=alice order_id=10482
2026-09-30 00:03:19 INFO  app=web-api host=app01 request_id=7f31a7 method=GET path=/api/products status=200 duration_ms=31 user=alice
2026-09-30 00:04:02 WARN  app=web-api host=app01 event=SLOW_REQUEST path=/api/reports/sales duration_ms=1842 threshold_ms=1000
2026-09-30 00:04:15 INFO  app=web-api host=app01 request_id=7f31a8 method=GET path=/api/reports/sales status=200 duration_ms=1778 user=manager
2026-09-30 00:05:27 ERROR app=web-api host=app01 request_id=7f31a9 event=DB_QUERY_FAILED database=orders_db query=order_summary error="connection reset by peer"
2026-09-30 00:05:29 INFO  app=web-api host=app01 event=DB_RECONNECT attempt=1 status=success
2026-09-30 00:06:03 INFO  app=web-api host=app01 request_id=7f31aa method=GET path=/api/orders status=200 duration_ms=67 user=carol
2026-09-30 00:07:44 WARN  app=web-api host=app01 event=MEMORY_USAGE heap_used_mb=1430 heap_max_mb=2048 usage_percent=69
2026-09-30 00:08:12 INFO  app=worker host=app01 pid=1921 event=JOB_START queue=email job_id=88211
2026-09-30 00:08:14 INFO  app=worker host=app01 pid=1921 event=JOB_DONE queue=email job_id=88211 duration_ms=214
2026-09-30 00:09:51 INFO  app=web-api host=app01 request_id=7f31ab method=DELETE path=/api/cart/991 status=204 duration_ms=24 user=alice
2026-09-30 00:10:33 WARN  app=web-api host=app01 event=RATE_LIMIT user=guest ip=192.0.2.44 limit=100 window_seconds=60
2026-09-30 00:11:02 INFO  app=web-api host=app01 request_id=7f31ac method=GET path=/api/health status=200 duration_ms=3
2026-09-30 00:12:46 ERROR app=worker host=app01 pid=1921 event=JOB_FAILED queue=reports job_id=88219 error="upstream timeout" retry=1
2026-09-30 00:13:01 INFO  app=worker host=app01 pid=1921 event=JOB_RETRY queue=reports job_id=88219 attempt=2
2026-09-30 00:13:09 INFO  app=worker host=app01 pid=1921 event=JOB_DONE queue=reports job_id=88219 duration_ms=791
2026-09-30 00:14:22 INFO  app=web-api host=app01 request_id=7f31ad method=POST path=/api/logout status=204 duration_ms=12 user=alice
2026-09-30 00:15:48 WARN  app=web-api host=app01 event=TLS_CERT_EXPIRING days_remaining=21 certificate=api.example.test
2026-09-30 00:17:03 INFO  app=web-api host=app01 request_id=7f31ae method=GET path=/api/orders/10482 status=200 duration_ms=29 user=alice
2026-09-30 00:18:37 INFO  app=web-api host=app01 event=DB_POOL status=healthy active=8 idle=12 max=20
2026-09-30 00:20:11 ERROR app=web-api host=app01 request_id=7f31af method=POST path=/api/payment status=502 duration_ms=3021 provider=payment-gateway error="upstream unavailable"
2026-09-30 00:20:15 INFO  app=web-api host=app01 event=PAYMENT_RETRY request_id=7f31af attempt=1 status=success
2026-09-30 00:21:44 INFO  app=web-api host=app01 request_id=7f31b0 method=GET path=/api/profile status=200 duration_ms=18 user=carol
2026-09-30 00:23:08 WARN  app=web-api host=app01 event=DISK_USAGE mount=/var usage_percent=82 threshold_percent=80
2026-09-30 00:24:52 INFO  app=worker host=app01 pid=1921 event=JOB_START queue=cleanup job_id=88231
2026-09-30 00:25:01 INFO  app=worker host=app01 pid=1921 event=JOB_DONE queue=cleanup job_id=88231 duration_ms=905
2026-09-30 00:27:33 INFO  app=web-api host=app01 request_id=7f31b1 method=GET path=/api/metrics status=200 duration_ms=7 user=monitor
2026-09-30 00:29:40 ERROR app=web-api host=app01 event=UNHANDLED_EXCEPTION type=NullPointerException component=OrderService line=418
2026-09-30 00:29:41 INFO  app=web-api host=app01 event=REQUEST_RECOVERED status=200 fallback=true
2026-09-30 00:31:12 INFO  app=web-api host=app01 event=CACHE_FLUSH keys_removed=1842 duration_ms=43
2026-09-30 00:34:27 WARN  app=worker host=app01 event=QUEUE_DEPTH queue=reports depth=127 threshold=100
2026-09-30 00:36:03 INFO  app=worker host=app01 event=QUEUE_DRAIN queue=reports depth=94
2026-09-30 00:39:51 INFO  app=web-api host=app01 request_id=7f31b2 method=GET path=/api/orders status=200 duration_ms=51 user=dave
2026-09-30 00:42:16 WARN  app=web-api host=app01 event=AUTH_FAILURE_BURST user=unknown failures=7 window_seconds=60 source=192.0.2.55
2026-09-30 00:44:09 INFO  app=web-api host=app01 request_id=7f31b3 method=POST path=/api/login status=200 duration_ms=73 user=dave
2026-09-30 00:47:31 ERROR app=worker host=app01 event=EMAIL_DELIVERY_FAILED job_id=88244 recipient=user@example.test reason="SMTP 451 temporary failure"
2026-09-30 00:48:02 INFO  app=worker host=app01 event=EMAIL_RETRY job_id=88244 attempt=2
2026-09-30 00:48:08 INFO  app=worker host=app01 event=EMAIL_SENT job_id=88244 status=delivered
2026-09-30 00:52:19 INFO  app=web-api host=app01 event=HEALTHCHECK database=ok cache=ok queue=ok status=healthy
2026-09-30 00:55:44 WARN  app=web-api host=app01 event=REQUEST_TIMEOUT path=/api/export duration_ms=30001 timeout_ms=30000 user=manager
2026-09-30 00:56:01 INFO  app=web-api host=app01 event=EXPORT_CANCELLED reason=timeout user=manager
2026-09-30 01:00:00 INFO  app=web-api host=app01 event=HOURLY_STATS requests=1284 errors=7 warnings=11 avg_latency_ms=83
2026-09-30 01:03:22 INFO  app=web-api host=app01 event=SHUTDOWN signal=SIGTERM reason=scheduled_restart
2026-09-30 01:03:24 INFO  app=web-api host=app01 event=STARTUP version=2.8.4 env=production
2026-09-30 01:03:25 INFO  app=web-api host=app01 event=READY port=8080 status=accepting_requests
